main.c:30:5:main	8	static
main.c:85:5:toInt	16	static
main.c:94:6:HAL_UART_RxCpltCallback	16	static
main.c:113:6:Set_M1_Direction	24	static
main.c:143:6:Set_M2_Direction	24	static
main.c:173:6:Set_M3_Direction	24	static
main.c:204:6:Set_M4_Direction	24	static
main.c:236:6:Set_M5_Direction	24	static
main.c:263:6:Move_to_ColorQRCode	16	static
main.c:310:6:Horizontal_to_PickUpQRCode	8	static
main.c:357:6:Vertical_to_QRCode	8	static
main.c:403:6:Vertical_to_Color	8	static
main.c:475:6:OpenGripper	8	static
main.c:486:6:CloseGripper	8	static
